[16:13:11] [INIT] KubeJS 2001.6.5-build.26; MC 2001 forge
[16:13:11] [INIT] Loaded plugins:
[16:13:11] [INIT] - dev.latvian.mods.kubejs.forge.BuiltinKubeJSForgePlugin
[16:13:11] [INIT] - dev.latvian.mods.kubejs.forge.BuiltinKubeJSForgeClientPlugin
[16:13:11] [INIT] - site.siredvin.gttruesteam.integrations.kubejs.Plugin
[16:13:11] [INIT] - com.gregtechceu.gtceu.integration.kjs.GregTechKubeJSPlugin
[16:13:11] [INIT] - com.lowdragmc.lowdraglib.kjs.LDLibKubeJSPlugin
[16:13:11] [INIT] - com.gtceuterminal.integration.kjs.TerminalKubeJSPlugin
[16:13:11] [INIT] - argent_matter.gcyr.integration.kjs.GCYRKubeJSPlugin
[16:13:11] [INIT] - com.probejs.ProbeJSPlugin
[16:13:11] [INFO] example.js#5: Hello, World! (Loaded server scripts)
[16:13:11] [INFO] Loaded script server_scripts:example.js in 0.007 s
[16:13:11] [INFO] Loaded 1/1 KubeJS server scripts in 0.019 s with 0 errors and 0 warnings
[16:13:11] [INFO] Scripts loaded
[16:13:11] [INFO] Initializing recipe event...
[16:13:14] [INFO] Processing recipes...
[16:13:16] [INFO] Found 60071 recipes in 1.900 s
[16:13:16] [INFO] Posted recipe events in 54.19 ms
[16:13:16] [WARN] Error parsing recipe gtceu:shapeless/centrifuged_ore_to_dust_neutronium[minecraft:crafting_shapeless]: {"type":"minecraft:crafting_shapeless","ingredients":[{"tag":"gtceu:tools/crafting_hammers"},[]],"result":{"item":"gtceu:neutronium_mixture_dust"}}: Item array cannot be empty, at least one item must be defined
[16:13:16] [WARN] Error parsing recipe bibliocraft:enchanted_book_cloning_in_printing_table[bibliocraft:printing_table_cloning_with_enchantments]: {"type":"bibliocraft:printing_table_cloning_with_enchantments","duration":600,"experience_cost":{"type":"bibliocraft:enchantment_levels","data_component":"minecraft:stored_enchantments","normal_cost":1.0,"treasure_cost":2.0},"ingredients":[{"item":"minecraft:book"}],"result":{"count":1,"item":"minecraft:enchanted_book"}}: Failed to decode from JSON
[16:13:19] [INFO] Added 9 recipes, removed 12 recipes, modified 6 recipes, with 2 failed recipes in 2.875 s
[16:13:25] [INFO] Server resource reload complete!
