[13:49:00] [REI-ReloadPlugins/ERROR] [REI] JEI Plugin [CreateAdditionJEI:createaddition:jei_plugin] of REI Plugin Compatibilities Adapter [rei_plugin_compatibilities, jei] plugin failed to reloadable-plugin/DisplayRegistryImpl/!
java.lang.NoSuchMethodError: 'java.util.Optional mezz.jei.api.helpers.IJeiHelpers.getRecipeType(net.minecraft.resources.ResourceLocation, java.lang.Class)'
	at TRANSFORMER/createaddition@1.20.1-1.3.3/com.mrh0.createaddition.compat.jei.CreateAdditionJEI.registerRecipeCatalysts(CreateAdditionJEI.java:92)
	at TRANSFORMER/rei_plugin_compatibilities@12.0.93/me.shedaniel.rei.jeicompat.JEIPluginDetector$JEIPluginWrapper.registerDisplays(JEIPluginDetector.java:563)
	at TRANSFORMER/roughlyenoughitems@12.1.785/me.shedaniel.rei.impl.client.registry.display.DisplayRegistryImpl.acceptPlugin(DisplayRegistryImpl.java:63)
	at TRANSFORMER/roughlyenoughitems@12.1.785/me.shedaniel.rei.impl.client.registry.display.DisplayRegistryImpl.acceptPlugin(DisplayRegistryImpl.java:53)
	at TRANSFORMER/roughlyenoughitems@12.1.785/me.shedaniel.rei.api.common.registry.Reloadable.acceptPlugin(Reloadable.java:78)
	at TRANSFORMER/roughlyenoughitems@12.1.785/me.shedaniel.rei.impl.common.plugins.PluginManagerImpl.lambda$reload$12(PluginManagerImpl.java:430)
	at TRANSFORMER/roughlyenoughitems@12.1.785/me.shedaniel.rei.impl.common.plugins.PluginManagerImpl.lambda$pluginSection$4(PluginManagerImpl.java:193)
	at TRANSFORMER/roughlyenoughitems@12.1.785/me.shedaniel.rei.impl.common.plugins.PluginManagerImpl.lambda$reload$13(PluginManagerImpl.java:420)
	at TRANSFORMER/roughlyenoughitems@12.1.785/me.shedaniel.rei.impl.common.plugins.PluginManagerImpl.pluginSection(PluginManagerImpl.java:191)
	at TRANSFORMER/roughlyenoughitems@12.1.785/me.shedaniel.rei.impl.common.plugins.PluginManagerImpl.reload(PluginManagerImpl.java:418)
	at TRANSFORMER/roughlyenoughitems@12.1.785/me.shedaniel.rei.api.common.plugins.PluginView$1.reload(PluginView.java:71)
	at TRANSFORMER/roughlyenoughitems@12.1.785/me.shedaniel.rei.impl.common.plugins.ReloadManagerImpl.reloadPlugins0(ReloadManagerImpl.java:155)
	at TRANSFORMER/roughlyenoughitems@12.1.785/me.shedaniel.rei.impl.common.plugins.ReloadManagerImpl.reloadPlugins0(ReloadManagerImpl.java:144)
	at TRANSFORMER/roughlyenoughitems@12.1.785/me.shedaniel.rei.impl.common.plugins.ReloadManagerImpl.lambda$reloadPlugins$7(ReloadManagerImpl.java:122)
	at java.base/java.util.concurrent.CompletableFuture$AsyncRun.run(Unknown Source)
	at java.base/java.util.concurrent.Executors$RunnableAdapter.call(Unknown Source)
	at java.base/java.util.concurrent.FutureTask.run(Unknown Source)
	at java.base/java.util.concurrent.ScheduledThreadPoolExecutor$ScheduledFutureTask.run(Unknown Source)
	at java.base/java.util.concurrent.ThreadPoolExecutor.runWorker(Unknown Source)
	at java.base/java.util.concurrent.ThreadPoolExecutor$Worker.run(Unknown Source)
	at java.base/java.lang.Thread.run(Unknown Source)
[13:49:18] [REI-AsyncSearchManager-0/ERROR] [REI] Error while searching
java.util.concurrent.CompletionException: java.util.concurrent.CancellationException
	at java.base/java.util.concurrent.CompletableFuture.encodeThrowable(Unknown Source)
	at java.base/java.util.concurrent.CompletableFuture.completeThrowable(Unknown Source)
	at java.base/java.util.concurrent.CompletableFuture$AsyncSupply.run(Unknown Source)
	at java.base/java.util.concurrent.CompletableFuture$AsyncSupply.exec(Unknown Source)
	at java.base/java.util.concurrent.ForkJoinTask.doExec(Unknown Source)
	at java.base/java.util.concurrent.ForkJoinPool$WorkQueue.topLevelExec(Unknown Source)
	at java.base/java.util.concurrent.ForkJoinPool.scan(Unknown Source)
	at java.base/java.util.concurrent.ForkJoinPool.runWorker(Unknown Source)
	at java.base/java.util.concurrent.ForkJoinWorkerThread.run(Unknown Source)
Caused by: java.util.concurrent.CancellationException
	at TRANSFORMER/roughlyenoughitems@12.1.785/me.shedaniel.rei.impl.client.search.AsyncSearchManager.lambda$get$3(AsyncSearchManager.java:157)
	... 7 more
[13:49:18] [REI-ReloadPlugins/ERROR] [REI] DefaultClientRuntimePlugin of DefaultClientRuntimePlugin [roughlyenoughitems] plugin failed to reloadable-plugin/DisplayRegistryImpl/!
java.util.ConcurrentModificationException: java.util.ConcurrentModificationException
	at java.base/jdk.internal.reflect.NativeConstructorAccessorImpl.newInstance0(Native Method)
	at java.base/jdk.internal.reflect.NativeConstructorAccessorImpl.newInstance(Unknown Source)
	at java.base/jdk.internal.reflect.DelegatingConstructorAccessorImpl.newInstance(Unknown Source)
	at java.base/java.lang.reflect.Constructor.newInstanceWithCaller(Unknown Source)
	at java.base/java.lang.reflect.Constructor.newInstance(Unknown Source)
	at java.base/java.util.concurrent.ForkJoinTask.getThrowableException(Unknown Source)
	at java.base/java.util.concurrent.ForkJoinTask.reportException(Unknown Source)
	at java.base/java.util.concurrent.ForkJoinTask.invoke(Unknown Source)
	at java.base/java.util.stream.ForEachOps$ForEachOp.evaluateParallel(Unknown Source)
	at java.base/java.util.stream.ForEachOps$ForEachOp$OfRef.evaluateParallel(Unknown Source)
	at java.base/java.util.stream.AbstractPipeline.evaluate(Unknown Source)
	at java.base/java.util.stream.ReferencePipeline.forEach(Unknown Source)
	at TRANSFORMER/roughlyenoughitems@12.1.785/me.shedaniel.rei.plugin.client.runtime.FilteredStacksVisibilityHandler.cacheExisting(FilteredStacksVisibilityHandler.java:93)
	at TRANSFORMER/roughlyenoughitems@12.1.785/me.shedaniel.rei.plugin.client.runtime.FilteredStacksVisibilityHandler.reset(FilteredStacksVisibilityHandler.java:78)
	at TRANSFORMER/roughlyenoughitems@12.1.785/me.shedaniel.rei.plugin.client.runtime.DefaultClientRuntimePlugin.registerDisplays(DefaultClientRuntimePlugin.java:141)
	at TRANSFORMER/roughlyenoughitems@12.1.785/me.shedaniel.rei.impl.client.registry.display.DisplayRegistryImpl.acceptPlugin(DisplayRegistryImpl.java:63)
	at TRANSFORMER/roughlyenoughitems@12.1.785/me.shedaniel.rei.impl.client.registry.display.DisplayRegistryImpl.acceptPlugin(DisplayRegistryImpl.java:53)
	at TRANSFORMER/roughlyenoughitems@12.1.785/me.shedaniel.rei.api.common.registry.Reloadable.acceptPlugin(Reloadable.java:78)
	at TRANSFORMER/roughlyenoughitems@12.1.785/me.shedaniel.rei.impl.common.plugins.PluginManagerImpl.lambda$reload$12(PluginManagerImpl.java:430)
	at TRANSFORMER/roughlyenoughitems@12.1.785/me.shedaniel.rei.impl.common.plugins.PluginManagerImpl.lambda$pluginSection$4(PluginManagerImpl.java:193)
	at TRANSFORMER/roughlyenoughitems@12.1.785/me.shedaniel.rei.impl.common.plugins.PluginManagerImpl.lambda$reload$13(PluginManagerImpl.java:420)
	at TRANSFORMER/roughlyenoughitems@12.1.785/me.shedaniel.rei.impl.common.plugins.PluginManagerImpl.pluginSection(PluginManagerImpl.java:191)
	at TRANSFORMER/roughlyenoughitems@12.1.785/me.shedaniel.rei.impl.common.plugins.PluginManagerImpl.reload(PluginManagerImpl.java:418)
	at TRANSFORMER/roughlyenoughitems@12.1.785/me.shedaniel.rei.api.common.plugins.PluginView$1.reload(PluginView.java:71)
	at TRANSFORMER/roughlyenoughitems@12.1.785/me.shedaniel.rei.impl.common.plugins.ReloadManagerImpl.reloadPlugins0(ReloadManagerImpl.java:155)
	at TRANSFORMER/roughlyenoughitems@12.1.785/me.shedaniel.rei.impl.common.plugins.ReloadManagerImpl.reloadPlugins0(ReloadManagerImpl.java:144)
	at TRANSFORMER/roughlyenoughitems@12.1.785/me.shedaniel.rei.impl.common.plugins.ReloadManagerImpl.lambda$reloadPlugins$7(ReloadManagerImpl.java:122)
	at java.base/java.util.concurrent.CompletableFuture$AsyncRun.run(Unknown Source)
	at java.base/java.util.concurrent.Executors$RunnableAdapter.call(Unknown Source)
	at java.base/java.util.concurrent.FutureTask.run(Unknown Source)
	at java.base/java.util.concurrent.ScheduledThreadPoolExecutor$ScheduledFutureTask.run(Unknown Source)
	at java.base/java.util.concurrent.ThreadPoolExecutor.runWorker(Unknown Source)
	at java.base/java.util.concurrent.ThreadPoolExecutor$Worker.run(Unknown Source)
	at java.base/java.lang.Thread.run(Unknown Source)
Caused by: java.util.ConcurrentModificationException
	at java.base/java.util.HashMap$HashIterator.nextNode(Unknown Source)
	at java.base/java.util.HashMap$EntryIterator.next(Unknown Source)
	at java.base/java.util.HashMap$EntryIterator.next(Unknown Source)
	at TRANSFORMER/roughlyenoughitems@12.1.785/me.shedaniel.rei.impl.common.entry.comparison.NbtHasherProviderImpl$Hasher.hashCompoundTag(NbtHasherProviderImpl.java:93)
	at TRANSFORMER/roughlyenoughitems@12.1.785/me.shedaniel.rei.impl.common.entry.comparison.NbtHasherProviderImpl$Hasher.hashTag(NbtHasherProviderImpl.java:79)
	at TRANSFORMER/roughlyenoughitems@12.1.785/me.shedaniel.rei.impl.common.entry.comparison.NbtHasherProviderImpl$Hasher.hashCompoundTag(NbtHasherProviderImpl.java:95)
	at TRANSFORMER/roughlyenoughitems@12.1.785/me.shedaniel.rei.impl.common.entry.comparison.NbtHasherProviderImpl$Hasher.hashTag(NbtHasherProviderImpl.java:79)
	at TRANSFORMER/roughlyenoughitems@12.1.785/me.shedaniel.rei.impl.common.entry.comparison.NbtHasherProviderImpl$Hasher.hash(NbtHasherProviderImpl.java:73)
	at TRANSFORMER/roughlyenoughitems@12.1.785/me.shedaniel.rei.impl.common.entry.comparison.NbtHasherProviderImpl$Hasher.hash(NbtHasherProviderImpl.java:52)
	at TRANSFORMER/roughlyenoughitems@12.1.785/me.shedaniel.rei.api.common.entry.comparison.EntryComparator.lambda$itemNbt$1(EntryComparator.java:58)
	at TRANSFORMER/roughlyenoughitems@12.1.785/me.shedaniel.rei.impl.common.entry.comparison.ItemComparatorRegistryImpl.lambda$new$0(ItemComparatorRegistryImpl.java:36)
	at TRANSFORMER/roughlyenoughitems@12.1.785/me.shedaniel.rei.impl.common.entry.comparison.EntryComparatorRegistryImpl.hashOf(EntryComparatorRegistryImpl.java:76)
	at TRANSFORMER/roughlyenoughitems@12.1.785/me.shedaniel.rei.plugin.client.entry.ItemEntryDefinition.hash(ItemEntryDefinition.java:151)
	at TRANSFORMER/roughlyenoughitems@12.1.785/me.shedaniel.rei.plugin.client.entry.ItemEntryDefinition.hash(ItemEntryDefinition.java:76)
	at TRANSFORMER/roughlyenoughitems@12.1.785/me.shedaniel.rei.api.common.util.EntryStacks.hash(EntryStacks.java:158)
	at TRANSFORMER/roughlyenoughitems@12.1.785/me.shedaniel.rei.api.common.util.EntryStacks.hashExact(EntryStacks.java:174)
	at TRANSFORMER/roughlyenoughitems@12.1.785/me.shedaniel.rei.impl.common.util.HashedEntryStackWrapper.<init>(HashedEntryStackWrapper.java:43)
	at TRANSFORMER/roughlyenoughitems@12.1.785/me.shedaniel.rei.api.common.util.CollectionUtils.map(CollectionUtils.java:128)
	at TRANSFORMER/roughlyenoughitems@12.1.785/me.shedaniel.rei.impl.client.entry.filtering.FilteringContextImpl.<init>(FilteringContextImpl.java:60)
	at TRANSFORMER/roughlyenoughitems@12.1.785/me.shedaniel.rei.plugin.client.runtime.FilteredStacksVisibilityHandler.isEntryIngredientAllHidden(FilteredStacksVisibilityHandler.java:115)
	at TRANSFORMER/roughlyenoughitems@12.1.785/me.shedaniel.rei.plugin.client.runtime.FilteredStacksVisibilityHandler.checkHiddenStacks(FilteredStacksVisibilityHandler.java:101)
	at TRANSFORMER/roughlyenoughitems@12.1.785/me.shedaniel.rei.plugin.client.runtime.FilteredStacksVisibilityHandler.lambda$cacheExisting$0(FilteredStacksVisibilityHandler.java:90)
	at java.base/java.util.stream.ReferencePipeline$3$1.accept(Unknown Source)
	at java.base/java.util.Spliterators$ArraySpliterator.forEachRemaining(Unknown Source)
	at java.base/java.util.stream.AbstractPipeline.copyInto(Unknown Source)
	at java.base/java.util.stream.ForEachOps$ForEachTask.compute(Unknown Source)
	at java.base/java.util.concurrent.CountedCompleter.exec(Unknown Source)
	at java.base/java.util.concurrent.ForkJoinTask.doExec(Unknown Source)
	at java.base/java.util.concurrent.ForkJoinPool$WorkQueue.topLevelExec(Unknown Source)
	at java.base/java.util.concurrent.ForkJoinPool.scan(Unknown Source)
	at java.base/java.util.concurrent.ForkJoinPool.runWorker(Unknown Source)
	at java.base/java.util.concurrent.ForkJoinWorkerThread.run(Unknown Source)
[15:16:28] [REI-ReloadPlugins/ERROR] [REI] JEI Plugin [CreateAdditionJEI:createaddition:jei_plugin] of REI Plugin Compatibilities Adapter [rei_plugin_compatibilities, jei] plugin failed to reloadable-plugin/DisplayRegistryImpl/!
java.lang.NoSuchMethodError: 'java.util.Optional mezz.jei.api.helpers.IJeiHelpers.getRecipeType(net.minecraft.resources.ResourceLocation, java.lang.Class)'
	at TRANSFORMER/createaddition@1.20.1-1.3.3/com.mrh0.createaddition.compat.jei.CreateAdditionJEI.registerRecipeCatalysts(CreateAdditionJEI.java:92)
	at TRANSFORMER/rei_plugin_compatibilities@12.0.93/me.shedaniel.rei.jeicompat.JEIPluginDetector$JEIPluginWrapper.registerDisplays(JEIPluginDetector.java:563)
	at TRANSFORMER/roughlyenoughitems@12.1.785/me.shedaniel.rei.impl.client.registry.display.DisplayRegistryImpl.acceptPlugin(DisplayRegistryImpl.java:63)
	at TRANSFORMER/roughlyenoughitems@12.1.785/me.shedaniel.rei.impl.client.registry.display.DisplayRegistryImpl.acceptPlugin(DisplayRegistryImpl.java:53)
	at TRANSFORMER/roughlyenoughitems@12.1.785/me.shedaniel.rei.api.common.registry.Reloadable.acceptPlugin(Reloadable.java:78)
	at TRANSFORMER/roughlyenoughitems@12.1.785/me.shedaniel.rei.impl.common.plugins.PluginManagerImpl.lambda$reload$12(PluginManagerImpl.java:430)
	at TRANSFORMER/roughlyenoughitems@12.1.785/me.shedaniel.rei.impl.common.plugins.PluginManagerImpl.lambda$pluginSection$4(PluginManagerImpl.java:193)
	at TRANSFORMER/roughlyenoughitems@12.1.785/me.shedaniel.rei.impl.common.plugins.PluginManagerImpl.lambda$reload$13(PluginManagerImpl.java:420)
	at TRANSFORMER/roughlyenoughitems@12.1.785/me.shedaniel.rei.impl.common.plugins.PluginManagerImpl.pluginSection(PluginManagerImpl.java:191)
	at TRANSFORMER/roughlyenoughitems@12.1.785/me.shedaniel.rei.impl.common.plugins.PluginManagerImpl.reload(PluginManagerImpl.java:418)
	at TRANSFORMER/roughlyenoughitems@12.1.785/me.shedaniel.rei.api.common.plugins.PluginView$1.reload(PluginView.java:71)
	at TRANSFORMER/roughlyenoughitems@12.1.785/me.shedaniel.rei.impl.common.plugins.ReloadManagerImpl.reloadPlugins0(ReloadManagerImpl.java:155)
	at TRANSFORMER/roughlyenoughitems@12.1.785/me.shedaniel.rei.impl.common.plugins.ReloadManagerImpl.reloadPlugins0(ReloadManagerImpl.java:144)
	at TRANSFORMER/roughlyenoughitems@12.1.785/me.shedaniel.rei.impl.common.plugins.ReloadManagerImpl.lambda$reloadPlugins$7(ReloadManagerImpl.java:122)
	at java.base/java.util.concurrent.CompletableFuture$AsyncRun.run(Unknown Source)
	at java.base/java.util.concurrent.Executors$RunnableAdapter.call(Unknown Source)
	at java.base/java.util.concurrent.FutureTask.run(Unknown Source)
	at java.base/java.util.concurrent.ScheduledThreadPoolExecutor$ScheduledFutureTask.run(Unknown Source)
	at java.base/java.util.concurrent.ThreadPoolExecutor.runWorker(Unknown Source)
	at java.base/java.util.concurrent.ThreadPoolExecutor$Worker.run(Unknown Source)
	at java.base/java.lang.Thread.run(Unknown Source)
